warning: Git tree '/workspace/styletts_studio_v2' is dirty
warning: ignoring untrusted flake configuration setting 'substituters'.
Pass '--accept-flake-config' to trust it
warning: ignoring untrusted flake configuration setting 'trusted-public-keys'.
Pass '--accept-flake-config' to trust it
Fetching 47 files:   0%|          | 0/47 [00:00<?, ?it/s]Fetching 47 files:   0%|          | 0/47 [00:00<?, ?it/s]
Traceback (most recent call last):
  File "/workspace/styletts_studio_v2/.venv/lib/python3.12/site-packages/huggingface_hub/utils/_http.py", line 403, in hf_raise_for_status
    response.raise_for_status()
  File "/workspace/styletts_studio_v2/.venv/lib/python3.12/site-packages/requests/models.py", line 1167, in raise_for_status
    raise HTTPError(http_error_msg, response=self)
requests.exceptions.HTTPError: 403 Client Error: Forbidden for url: https://huggingface.co/datasets/DMC-ykfx33/nsfw_tts_dataset_30speakers/resolve/70bd73a3bde3a6a20667a33cffb357cbaada55c8/.gitattributes

The above exception was the direct cause of the following exception:

Traceback (most recent call last):
  File "<string>", line 1, in <module>
  File "/workspace/styletts_studio_v2/.venv/lib/python3.12/site-packages/huggingface_hub/utils/_validators.py", line 114, in _inner_fn
    return fn(*args, **kwargs)
           ^^^^^^^^^^^^^^^^^^^
  File "/workspace/styletts_studio_v2/.venv/lib/python3.12/site-packages/huggingface_hub/_snapshot_download.py", line 332, in snapshot_download
    thread_map(
  File "/workspace/styletts_studio_v2/.venv/lib/python3.12/site-packages/tqdm/contrib/concurrent.py", line 69, in thread_map
    return _executor_map(ThreadPoolExecutor, fn, *iterables, **tqdm_kwargs)
           ^^^^^^^^^^^^^^^^^^^^^^^^^^^^^^^^^^^^^^^^^^^^^^^^^^^^^^^^^^^^^^^^
  File "/workspace/styletts_studio_v2/.venv/lib/python3.12/site-packages/tqdm/contrib/concurrent.py", line 51, in _executor_map
    return list(tqdm_class(ex.map(fn, *iterables, chunksize=chunksize), **kwargs))
           ^^^^^^^^^^^^^^^^^^^^^^^^^^^^^^^^^^^^^^^^^^^^^^^^^^^^^^^^^^^^^^^^^^^^^^^
  File "/workspace/styletts_studio_v2/.venv/lib/python3.12/site-packages/tqdm/std.py", line 1181, in __iter__
    for obj in iterable:
               ^^^^^^^^
  File "/nix/store/zv7xgxifvkygb7kij9giq1323bzclgjb-python3-3.12.12/lib/python3.12/concurrent/futures/_base.py", line 619, in result_iterator
    yield _result_or_cancel(fs.pop())
          ^^^^^^^^^^^^^^^^^^^^^^^^^^^
  File "/nix/store/zv7xgxifvkygb7kij9giq1323bzclgjb-python3-3.12.12/lib/python3.12/concurrent/futures/_base.py", line 317, in _result_or_cancel
    return fut.result(timeout)
           ^^^^^^^^^^^^^^^^^^^
  File "/nix/store/zv7xgxifvkygb7kij9giq1323bzclgjb-python3-3.12.12/lib/python3.12/concurrent/futures/_base.py", line 456, in result
    return self.__get_result()
           ^^^^^^^^^^^^^^^^^^^
  File "/nix/store/zv7xgxifvkygb7kij9giq1323bzclgjb-python3-3.12.12/lib/python3.12/concurrent/futures/_base.py", line 401, in __get_result
    raise self._exception
  File "/nix/store/zv7xgxifvkygb7kij9giq1323bzclgjb-python3-3.12.12/lib/python3.12/concurrent/futures/thread.py", line 59, in run
    result = self.fn(*self.args, **self.kwargs)
             ^^^^^^^^^^^^^^^^^^^^^^^^^^^^^^^^^^
  File "/workspace/styletts_studio_v2/.venv/lib/python3.12/site-packages/huggingface_hub/_snapshot_download.py", line 306, in _inner_hf_hub_download
    return hf_hub_download(
           ^^^^^^^^^^^^^^^^
  File "/workspace/styletts_studio_v2/.venv/lib/python3.12/site-packages/huggingface_hub/utils/_validators.py", line 114, in _inner_fn
    return fn(*args, **kwargs)
           ^^^^^^^^^^^^^^^^^^^
  File "/workspace/styletts_studio_v2/.venv/lib/python3.12/site-packages/huggingface_hub/file_download.py", line 994, in hf_hub_download
    return _hf_hub_download_to_local_dir(
           ^^^^^^^^^^^^^^^^^^^^^^^^^^^^^^
  File "/workspace/styletts_studio_v2/.venv/lib/python3.12/site-packages/huggingface_hub/file_download.py", line 1257, in _hf_hub_download_to_local_dir
    _raise_on_head_call_error(head_call_error, force_download, local_files_only)
  File "/workspace/styletts_studio_v2/.venv/lib/python3.12/site-packages/huggingface_hub/file_download.py", line 1662, in _raise_on_head_call_error
    raise head_call_error
  File "/workspace/styletts_studio_v2/.venv/lib/python3.12/site-packages/huggingface_hub/file_download.py", line 1550, in _get_metadata_or_catch_error
    metadata = get_hf_file_metadata(
               ^^^^^^^^^^^^^^^^^^^^^
  File "/workspace/styletts_studio_v2/.venv/lib/python3.12/site-packages/huggingface_hub/utils/_validators.py", line 114, in _inner_fn
    return fn(*args, **kwargs)
           ^^^^^^^^^^^^^^^^^^^
  File "/workspace/styletts_studio_v2/.venv/lib/python3.12/site-packages/huggingface_hub/file_download.py", line 1467, in get_hf_file_metadata
    r = _request_wrapper(
        ^^^^^^^^^^^^^^^^^
  File "/workspace/styletts_studio_v2/.venv/lib/python3.12/site-packages/huggingface_hub/file_download.py", line 283, in _request_wrapper
    response = _request_wrapper(
               ^^^^^^^^^^^^^^^^^
  File "/workspace/styletts_studio_v2/.venv/lib/python3.12/site-packages/huggingface_hub/file_download.py", line 307, in _request_wrapper
    hf_raise_for_status(response)
  File "/workspace/styletts_studio_v2/.venv/lib/python3.12/site-packages/huggingface_hub/utils/_http.py", line 420, in hf_raise_for_status
    raise _format(GatedRepoError, message, response) from e
huggingface_hub.errors.GatedRepoError: 403 Client Error. (Request ID: Root=1-6a6028d5-649e988e44dc94dd16f3d812;571805b0-1117-4bea-9963-6cc1d0b6b7ae)

Cannot access gated repo for url https://huggingface.co/datasets/DMC-ykfx33/nsfw_tts_dataset_30speakers/resolve/70bd73a3bde3a6a20667a33cffb357cbaada55c8/.gitattributes.
Your request to access dataset DMC-ykfx33/nsfw_tts_dataset_30speakers is awaiting a review from the repo authors.
